
Gemfile
Gemfile.lock
README.md
Rakefile
app
bin
config
config.ru
db
lib
log
package.json
public
test
test.log
test.sh
tmp
vendor

Gemfile
Gemfile.lock
README.md
Rakefile
app
bin
config
config.ru
db
lib
log
package.json
public
test
test.log
test.sh
tmp
vendor

Gemfile
Gemfile.lock
README.md
Rakefile
app
bin
config
config.ru
db
lib
log
package.json
public
test
test.log
test.sh
tmp
vendor
